#-----------------------------------------------------------
# Webtalk v2018.2 (64-bit)
# SW Build 2258646 on Thu Jun 14 20:02:38 MDT 2018
# IP Build 2256618 on Thu Jun 14 22:10:49 MDT 2018
# Start of session at: Wed Jun  2 09:50:13 2021
# Process ID: 212797
# Current directory: /home/georgepag4028/Desktop/Sxoli/Vlsi2021/Ask5/dvlsi2021_lab5/dvlsi2021_ask5_prj/dvlsi2021_ask5_prj.sim/sim_1/behav/xsim
# Command line: wbtcv -mode batch -source /home/georgepag4028/Desktop/Sxoli/Vlsi2021/Ask5/dvlsi2021_lab5/dvlsi2021_ask5_prj/dvlsi2021_ask5_prj.sim/sim_1/behav/xsim/xsim.dir/master_slave_tb_behav/webtalk/xsim_webtalk.tcl -notrace
# Log file: /home/georgepag4028/Desktop/Sxoli/Vlsi2021/Ask5/dvlsi2021_lab5/dvlsi2021_ask5_prj/dvlsi2021_ask5_prj.sim/sim_1/behav/xsim/webtalk.log
# Journal file: /home/georgepag4028/Desktop/Sxoli/Vlsi2021/Ask5/dvlsi2021_lab5/dvlsi2021_ask5_prj/dvlsi2021_ask5_prj.sim/sim_1/behav/xsim/webtalk.jou
#-----------------------------------------------------------
source /home/georgepag4028/Desktop/Sxoli/Vlsi2021/Ask5/dvlsi2021_lab5/dvlsi2021_ask5_prj/dvlsi2021_ask5_prj.sim/sim_1/behav/xsim/xsim.dir/master_slave_tb_behav/webtalk/xsim_webtalk.tcl -notrace
