#-----------------------------------------------------------
# Vivado v2018.2 (64-bit)
# SW Build 2258646 on Thu Jun 14 20:02:38 MDT 2018
# IP Build 2256618 on Thu Jun 14 22:10:49 MDT 2018
# Start of session at: Sat May 29 21:52:44 2021
# Process ID: 3364315
# Current directory: /home/georgepag4028/Desktop/Sxoli/Vlsi2021/Ask5/dvlsi2021_lab5/dvlsi2021_ask5_prj/dvlsi2021_ask5_prj.runs/design_1_PL_GEN_ARESETN_100_0_synth_1
# Command line: vivado -log design_1_PL_GEN_ARESETN_100_0.vds -product Vivado -mode batch -messageDb vivado.pb -notrace -source design_1_PL_GEN_ARESETN_100_0.tcl
# Log file: /home/georgepag4028/Desktop/Sxoli/Vlsi2021/Ask5/dvlsi2021_lab5/dvlsi2021_ask5_prj/dvlsi2021_ask5_prj.runs/design_1_PL_GEN_ARESETN_100_0_synth_1/design_1_PL_GEN_ARESETN_100_0.vds
# Journal file: /home/georgepag4028/Desktop/Sxoli/Vlsi2021/Ask5/dvlsi2021_lab5/dvlsi2021_ask5_prj/dvlsi2021_ask5_prj.runs/design_1_PL_GEN_ARESETN_100_0_synth_1/vivado.jou
#-----------------------------------------------------------
source design_1_PL_GEN_ARESETN_100_0.tcl -notrace
